------------------------------------------------------------
TimeQuest Timing Analyzer Summary
------------------------------------------------------------

Type  : Slow 1100mV 85C Model Setup 'datapath:d0|drawPath:d2|drawCounter:d0|next'
Slack : -9.138
TNS   : -107.493

Type  : Slow 1100mV 85C Model Setup 'CLOCK_50'
Slack : -4.911
TNS   : -265.672

Type  : Slow 1100mV 85C Model Setup 'datapath:d0|getAngle:g0|counter:c0|next'
Slack : -3.903
TNS   : -80.269

Type  : Slow 1100mV 85C Model Setup 'datapath:d0|getStrength:g1|counter:c1|next'
Slack : -3.477
TNS   : -41.048

Type  : Slow 1100mV 85C Model Setup 'control:c0|current_state.S_START'
Slack : -2.564
TNS   : -41.171

Type  : Slow 1100mV 85C Model Setup 'VGA|mypll|altpll_component|auto_generated|generic_pll1~PLL_OUTPUT_COUNTER|divclk'
Slack : 34.883
TNS   : 0.000

Type  : Slow 1100mV 85C Model Hold 'CLOCK_50'
Slack : 0.374
TNS   : 0.000

Type  : Slow 1100mV 85C Model Hold 'VGA|mypll|altpll_component|auto_generated|generic_pll1~PLL_OUTPUT_COUNTER|divclk'
Slack : 0.395
TNS   : 0.000

Type  : Slow 1100mV 85C Model Hold 'datapath:d0|drawPath:d2|drawCounter:d0|next'
Slack : 0.450
TNS   : 0.000

Type  : Slow 1100mV 85C Model Hold 'control:c0|current_state.S_START'
Slack : 0.571
TNS   : 0.000

Type  : Slow 1100mV 85C Model Hold 'datapath:d0|getAngle:g0|counter:c0|next'
Slack : 0.597
TNS   : 0.000

Type  : Slow 1100mV 85C Model Hold 'datapath:d0|getStrength:g1|counter:c1|next'
Slack : 0.793
TNS   : 0.000

Type  : Slow 1100mV 85C Model Recovery 'datapath:d0|getAngle:g0|counter:c0|next'
Slack : -3.706
TNS   : -108.665

Type  : Slow 1100mV 85C Model Recovery 'datapath:d0|drawPath:d2|drawCounter:d0|next'
Slack : -3.690
TNS   : -57.485

Type  : Slow 1100mV 85C Model Recovery 'datapath:d0|getStrength:g1|counter:c1|next'
Slack : -3.651
TNS   : -54.006

Type  : Slow 1100mV 85C Model Removal 'datapath:d0|getAngle:g0|counter:c0|next'
Slack : 2.475
TNS   : 0.000

Type  : Slow 1100mV 85C Model Removal 'datapath:d0|drawPath:d2|drawCounter:d0|next'
Slack : 2.717
TNS   : 0.000

Type  : Slow 1100mV 85C Model Removal 'datapath:d0|getStrength:g1|counter:c1|next'
Slack : 2.972
TNS   : 0.000

Type  : Slow 1100mV 85C Model Minimum Pulse Width 'datapath:d0|getAngle:g0|counter:c0|next'
Slack : -0.394
TNS   : -15.890

Type  : Slow 1100mV 85C Model Minimum Pulse Width 'control:c0|current_state.S_START'
Slack : -0.394
TNS   : -9.463

Type  : Slow 1100mV 85C Model Minimum Pulse Width 'datapath:d0|drawPath:d2|drawCounter:d0|next'
Slack : -0.394
TNS   : -8.393

Type  : Slow 1100mV 85C Model Minimum Pulse Width 'datapath:d0|getStrength:g1|counter:c1|next'
Slack : -0.394
TNS   : -7.780

Type  : Slow 1100mV 85C Model Minimum Pulse Width 'VGA|mypll|altpll_component|auto_generated|generic_pll1~FRACTIONAL_PLL|vcoph[0]'
Slack : 1.666
TNS   : 0.000

Type  : Slow 1100mV 85C Model Minimum Pulse Width 'CLOCK_50'
Slack : 8.868
TNS   : 0.000

Type  : Slow 1100mV 85C Model Minimum Pulse Width 'VGA|mypll|altpll_component|auto_generated|generic_pll1~PLL_OUTPUT_COUNTER|divclk'
Slack : 18.774
TNS   : 0.000

Type  : Slow 1100mV 0C Model Setup 'datapath:d0|drawPath:d2|drawCounter:d0|next'
Slack : -9.164
TNS   : -109.273

Type  : Slow 1100mV 0C Model Setup 'CLOCK_50'
Slack : -4.558
TNS   : -242.028

Type  : Slow 1100mV 0C Model Setup 'datapath:d0|getAngle:g0|counter:c0|next'
Slack : -3.836
TNS   : -80.237

Type  : Slow 1100mV 0C Model Setup 'datapath:d0|getStrength:g1|counter:c1|next'
Slack : -3.460
TNS   : -41.209

Type  : Slow 1100mV 0C Model Setup 'control:c0|current_state.S_START'
Slack : -2.492
TNS   : -39.039

Type  : Slow 1100mV 0C Model Setup 'VGA|mypll|altpll_component|auto_generated|generic_pll1~PLL_OUTPUT_COUNTER|divclk'
Slack : 34.968
TNS   : 0.000

Type  : Slow 1100mV 0C Model Hold 'CLOCK_50'
Slack : 0.067
TNS   : 0.000

Type  : Slow 1100mV 0C Model Hold 'VGA|mypll|altpll_component|auto_generated|generic_pll1~PLL_OUTPUT_COUNTER|divclk'
Slack : 0.392
TNS   : 0.000

Type  : Slow 1100mV 0C Model Hold 'datapath:d0|drawPath:d2|drawCounter:d0|next'
Slack : 0.460
TNS   : 0.000

Type  : Slow 1100mV 0C Model Hold 'control:c0|current_state.S_START'
Slack : 0.536
TNS   : 0.000

Type  : Slow 1100mV 0C Model Hold 'datapath:d0|getAngle:g0|counter:c0|next'
Slack : 0.575
TNS   : 0.000

Type  : Slow 1100mV 0C Model Hold 'datapath:d0|getStrength:g1|counter:c1|next'
Slack : 0.745
TNS   : 0.000

Type  : Slow 1100mV 0C Model Recovery 'datapath:d0|getAngle:g0|counter:c0|next'
Slack : -3.781
TNS   : -110.859

Type  : Slow 1100mV 0C Model Recovery 'datapath:d0|drawPath:d2|drawCounter:d0|next'
Slack : -3.775
TNS   : -58.763

Type  : Slow 1100mV 0C Model Recovery 'datapath:d0|getStrength:g1|counter:c1|next'
Slack : -3.715
TNS   : -55.164

Type  : Slow 1100mV 0C Model Removal 'datapath:d0|getAngle:g0|counter:c0|next'
Slack : 2.576
TNS   : 0.000

Type  : Slow 1100mV 0C Model Removal 'datapath:d0|drawPath:d2|drawCounter:d0|next'
Slack : 2.827
TNS   : 0.000

Type  : Slow 1100mV 0C Model Removal 'datapath:d0|getStrength:g1|counter:c1|next'
Slack : 3.078
TNS   : 0.000

Type  : Slow 1100mV 0C Model Minimum Pulse Width 'datapath:d0|getAngle:g0|counter:c0|next'
Slack : -0.394
TNS   : -15.836

Type  : Slow 1100mV 0C Model Minimum Pulse Width 'control:c0|current_state.S_START'
Slack : -0.394
TNS   : -9.343

Type  : Slow 1100mV 0C Model Minimum Pulse Width 'datapath:d0|drawPath:d2|drawCounter:d0|next'
Slack : -0.394
TNS   : -8.273

Type  : Slow 1100mV 0C Model Minimum Pulse Width 'datapath:d0|getStrength:g1|counter:c1|next'
Slack : -0.394
TNS   : -7.732

Type  : Slow 1100mV 0C Model Minimum Pulse Width 'VGA|mypll|altpll_component|auto_generated|generic_pll1~FRACTIONAL_PLL|vcoph[0]'
Slack : 1.666
TNS   : 0.000

Type  : Slow 1100mV 0C Model Minimum Pulse Width 'CLOCK_50'
Slack : 8.827
TNS   : 0.000

Type  : Slow 1100mV 0C Model Minimum Pulse Width 'VGA|mypll|altpll_component|auto_generated|generic_pll1~PLL_OUTPUT_COUNTER|divclk'
Slack : 18.759
TNS   : 0.000

Type  : Fast 1100mV 85C Model Setup 'datapath:d0|drawPath:d2|drawCounter:d0|next'
Slack : -4.867
TNS   : -56.260

Type  : Fast 1100mV 85C Model Setup 'CLOCK_50'
Slack : -3.337
TNS   : -189.468

Type  : Fast 1100mV 85C Model Setup 'datapath:d0|getAngle:g0|counter:c0|next'
Slack : -1.963
TNS   : -39.111

Type  : Fast 1100mV 85C Model Setup 'datapath:d0|getStrength:g1|counter:c1|next'
Slack : -1.646
TNS   : -18.316

Type  : Fast 1100mV 85C Model Setup 'control:c0|current_state.S_START'
Slack : -1.285
TNS   : -20.215

Type  : Fast 1100mV 85C Model Setup 'VGA|mypll|altpll_component|auto_generated|generic_pll1~PLL_OUTPUT_COUNTER|divclk'
Slack : 36.897
TNS   : 0.000

Type  : Fast 1100mV 85C Model Hold 'CLOCK_50'
Slack : 0.064
TNS   : 0.000

Type  : Fast 1100mV 85C Model Hold 'datapath:d0|drawPath:d2|drawCounter:d0|next'
Slack : 0.170
TNS   : 0.000

Type  : Fast 1100mV 85C Model Hold 'VGA|mypll|altpll_component|auto_generated|generic_pll1~PLL_OUTPUT_COUNTER|divclk'
Slack : 0.242
TNS   : 0.000

Type  : Fast 1100mV 85C Model Hold 'datapath:d0|getAngle:g0|counter:c0|next'
Slack : 0.283
TNS   : 0.000

Type  : Fast 1100mV 85C Model Hold 'control:c0|current_state.S_START'
Slack : 0.290
TNS   : 0.000

Type  : Fast 1100mV 85C Model Hold 'datapath:d0|getStrength:g1|counter:c1|next'
Slack : 0.427
TNS   : 0.000

Type  : Fast 1100mV 85C Model Recovery 'datapath:d0|getAngle:g0|counter:c0|next'
Slack : -1.868
TNS   : -53.817

Type  : Fast 1100mV 85C Model Recovery 'datapath:d0|drawPath:d2|drawCounter:d0|next'
Slack : -1.841
TNS   : -28.040

Type  : Fast 1100mV 85C Model Recovery 'datapath:d0|getStrength:g1|counter:c1|next'
Slack : -1.763
TNS   : -26.255

Type  : Fast 1100mV 85C Model Removal 'datapath:d0|getAngle:g0|counter:c0|next'
Slack : 1.199
TNS   : 0.000

Type  : Fast 1100mV 85C Model Removal 'datapath:d0|drawPath:d2|drawCounter:d0|next'
Slack : 1.336
TNS   : 0.000

Type  : Fast 1100mV 85C Model Removal 'datapath:d0|getStrength:g1|counter:c1|next'
Slack : 1.496
TNS   : 0.000

Type  : Fast 1100mV 85C Model Minimum Pulse Width 'datapath:d0|getAngle:g0|counter:c0|next'
Slack : 0.029
TNS   : 0.000

Type  : Fast 1100mV 85C Model Minimum Pulse Width 'control:c0|current_state.S_START'
Slack : 0.054
TNS   : 0.000

Type  : Fast 1100mV 85C Model Minimum Pulse Width 'datapath:d0|drawPath:d2|drawCounter:d0|next'
Slack : 0.074
TNS   : 0.000

Type  : Fast 1100mV 85C Model Minimum Pulse Width 'datapath:d0|getStrength:g1|counter:c1|next'
Slack : 0.144
TNS   : 0.000

Type  : Fast 1100mV 85C Model Minimum Pulse Width 'VGA|mypll|altpll_component|auto_generated|generic_pll1~FRACTIONAL_PLL|vcoph[0]'
Slack : 1.666
TNS   : 0.000

Type  : Fast 1100mV 85C Model Minimum Pulse Width 'CLOCK_50'
Slack : 8.807
TNS   : 0.000

Type  : Fast 1100mV 85C Model Minimum Pulse Width 'VGA|mypll|altpll_component|auto_generated|generic_pll1~PLL_OUTPUT_COUNTER|divclk'
Slack : 18.890
TNS   : 0.000

Type  : Fast 1100mV 0C Model Setup 'datapath:d0|drawPath:d2|drawCounter:d0|next'
Slack : -4.550
TNS   : -53.249

Type  : Fast 1100mV 0C Model Setup 'CLOCK_50'
Slack : -2.812
TNS   : -150.994

Type  : Fast 1100mV 0C Model Setup 'datapath:d0|getAngle:g0|counter:c0|next'
Slack : -1.739
TNS   : -34.917

Type  : Fast 1100mV 0C Model Setup 'datapath:d0|getStrength:g1|counter:c1|next'
Slack : -1.509
TNS   : -16.559

Type  : Fast 1100mV 0C Model Setup 'control:c0|current_state.S_START'
Slack : -1.105
TNS   : -16.874

Type  : Fast 1100mV 0C Model Setup 'VGA|mypll|altpll_component|auto_generated|generic_pll1~PLL_OUTPUT_COUNTER|divclk'
Slack : 37.199
TNS   : 0.000

Type  : Fast 1100mV 0C Model Hold 'CLOCK_50'
Slack : -0.092
TNS   : -1.079

Type  : Fast 1100mV 0C Model Hold 'datapath:d0|drawPath:d2|drawCounter:d0|next'
Slack : 0.153
TNS   : 0.000

Type  : Fast 1100mV 0C Model Hold 'VGA|mypll|altpll_component|auto_generated|generic_pll1~PLL_OUTPUT_COUNTER|divclk'
Slack : 0.217
TNS   : 0.000

Type  : Fast 1100mV 0C Model Hold 'control:c0|current_state.S_START'
Slack : 0.250
TNS   : 0.000

Type  : Fast 1100mV 0C Model Hold 'datapath:d0|getAngle:g0|counter:c0|next'
Slack : 0.254
TNS   : 0.000

Type  : Fast 1100mV 0C Model Hold 'datapath:d0|getStrength:g1|counter:c1|next'
Slack : 0.375
TNS   : 0.000

Type  : Fast 1100mV 0C Model Recovery 'datapath:d0|getAngle:g0|counter:c0|next'
Slack : -1.776
TNS   : -51.613

Type  : Fast 1100mV 0C Model Recovery 'datapath:d0|drawPath:d2|drawCounter:d0|next'
Slack : -1.770
TNS   : -27.020

Type  : Fast 1100mV 0C Model Recovery 'datapath:d0|getStrength:g1|counter:c1|next'
Slack : -1.702
TNS   : -25.368

Type  : Fast 1100mV 0C Model Removal 'datapath:d0|getAngle:g0|counter:c0|next'
Slack : 1.191
TNS   : 0.000

Type  : Fast 1100mV 0C Model Removal 'datapath:d0|drawPath:d2|drawCounter:d0|next'
Slack : 1.319
TNS   : 0.000

Type  : Fast 1100mV 0C Model Removal 'datapath:d0|getStrength:g1|counter:c1|next'
Slack : 1.468
TNS   : 0.000

Type  : Fast 1100mV 0C Model Minimum Pulse Width 'datapath:d0|getAngle:g0|counter:c0|next'
Slack : 0.062
TNS   : 0.000

Type  : Fast 1100mV 0C Model Minimum Pulse Width 'control:c0|current_state.S_START'
Slack : 0.081
TNS   : 0.000

Type  : Fast 1100mV 0C Model Minimum Pulse Width 'datapath:d0|drawPath:d2|drawCounter:d0|next'
Slack : 0.094
TNS   : 0.000

Type  : Fast 1100mV 0C Model Minimum Pulse Width 'datapath:d0|getStrength:g1|counter:c1|next'
Slack : 0.142
TNS   : 0.000

Type  : Fast 1100mV 0C Model Minimum Pulse Width 'VGA|mypll|altpll_component|auto_generated|generic_pll1~FRACTIONAL_PLL|vcoph[0]'
Slack : 1.666
TNS   : 0.000

Type  : Fast 1100mV 0C Model Minimum Pulse Width 'CLOCK_50'
Slack : 8.799
TNS   : 0.000

Type  : Fast 1100mV 0C Model Minimum Pulse Width 'VGA|mypll|altpll_component|auto_generated|generic_pll1~PLL_OUTPUT_COUNTER|divclk'
Slack : 18.888
TNS   : 0.000

------------------------------------------------------------
